update-formula	Set up job	ï»¿2025-09-13T00:42:54.3448157Z Current runner version: '2.328.0'
update-formula	Set up job	2025-09-13T00:42:54.3472663Z ##[group]Runner Image Provisioner
update-formula	Set up job	2025-09-13T00:42:54.3473574Z Hosted Compute Agent
update-formula	Set up job	2025-09-13T00:42:54.3474217Z Version: 20250829.383
update-formula	Set up job	2025-09-13T00:42:54.3474884Z Commit: 27cb235aab5b0e52e153a26cd86b4742e89dac5d
update-formula	Set up job	2025-09-13T00:42:54.3475549Z Build Date: 2025-08-29T13:48:48Z
update-formula	Set up job	2025-09-13T00:42:54.3476233Z ##[endgroup]
update-formula	Set up job	2025-09-13T00:42:54.3476830Z ##[group]Operating System
update-formula	Set up job	2025-09-13T00:42:54.3477370Z Ubuntu
update-formula	Set up job	2025-09-13T00:42:54.3477934Z 24.04.3
update-formula	Set up job	2025-09-13T00:42:54.3478446Z LTS
update-formula	Set up job	2025-09-13T00:42:54.3478980Z ##[endgroup]
update-formula	Set up job	2025-09-13T00:42:54.3479472Z ##[group]Runner Image
update-formula	Set up job	2025-09-13T00:42:54.3480184Z Image: ubuntu-24.04
update-formula	Set up job	2025-09-13T00:42:54.3481033Z Version: 20250907.24.1
update-formula	Set up job	2025-09-13T00:42:54.3482044Z Included Software: https://github.com/actions/runner-images/blob/ubuntu24/20250907.24/images/ubuntu/Ubuntu2404-Readme.md
update-formula	Set up job	2025-09-13T00:42:54.3483484Z Image Release: https://github.com/actions/runner-images/releases/tag/ubuntu24%2F20250907.24
update-formula	Set up job	2025-09-13T00:42:54.3484694Z ##[endgroup]
update-formula	Set up job	2025-09-13T00:42:54.3485852Z ##[group]GITHUB_TOKEN Permissions
update-formula	Set up job	2025-09-13T00:42:54.3487649Z Contents: write
update-formula	Set up job	2025-09-13T00:42:54.3488319Z Metadata: read
update-formula	Set up job	2025-09-13T00:42:54.3488901Z PullRequests: write
update-formula	Set up job	2025-09-13T00:42:54.3489433Z ##[endgroup]
update-formula	Set up job	2025-09-13T00:42:54.3491876Z Secret source: Actions
update-formula	Set up job	2025-09-13T00:42:54.3492579Z Prepare workflow directory
update-formula	Set up job	2025-09-13T00:42:54.3808314Z Prepare all required actions
update-formula	Set up job	2025-09-13T00:42:54.3845390Z Getting action download info
update-formula	Set up job	2025-09-13T00:42:54.8240030Z Download action repository 'actions/checkout@v5' (SHA:08c6903cd8c0fde910a37f88322edcfb5dd907a8)
update-formula	Set up job	2025-09-13T00:42:55.4637028Z Complete job name: update-formula
update-formula	Run actions/checkout@v5	ï»¿2025-09-13T00:42:55.5417159Z ##[group]Run actions/checkout@v5
update-formula	Run actions/checkout@v5	2025-09-13T00:42:55.5418060Z with:
update-formula	Run actions/checkout@v5	2025-09-13T00:42:55.5418533Z   repository: marcinkubica/homebrew-kagent
update-formula	Run actions/checkout@v5	2025-09-13T00:42:55.5419294Z   token: ***
update-formula	Run actions/checkout@v5	2025-09-13T00:42:55.5419713Z   ssh-strict: true
update-formula	Run actions/checkout@v5	2025-09-13T00:42:55.5420142Z   ssh-user: git
update-formula	Run actions/checkout@v5	2025-09-13T00:42:55.5420755Z   persist-credentials: true
update-formula	Run actions/checkout@v5	2025-09-13T00:42:55.5421274Z   clean: true
update-formula	Run actions/checkout@v5	2025-09-13T00:42:55.5421716Z   sparse-checkout-cone-mode: true
update-formula	Run actions/checkout@v5	2025-09-13T00:42:55.5422239Z   fetch-depth: 1
update-formula	Run actions/checkout@v5	2025-09-13T00:42:55.5422665Z   fetch-tags: false
update-formula	Run actions/checkout@v5	2025-09-13T00:42:55.5423108Z   show-progress: true
update-formula	Run actions/checkout@v5	2025-09-13T00:42:55.5423541Z   lfs: false
update-formula	Run actions/checkout@v5	2025-09-13T00:42:55.5423955Z   submodules: false
update-formula	Run actions/checkout@v5	2025-09-13T00:42:55.5424447Z   set-safe-directory: true
update-formula	Run actions/checkout@v5	2025-09-13T00:42:55.5425200Z ##[endgroup]
update-formula	Run actions/checkout@v5	2025-09-13T00:42:55.6316147Z Syncing repository: marcinkubica/homebrew-kagent
update-formula	Run actions/checkout@v5	2025-09-13T00:42:55.6318108Z ##[group]Getting Git version info
update-formula	Run actions/checkout@v5	2025-09-13T00:42:55.6318975Z Working directory is '/home/runner/work/homebrew-kagent/homebrew-kagent'
update-formula	Run actions/checkout@v5	2025-09-13T00:42:55.6320163Z [command]/usr/bin/git version
update-formula	Run actions/checkout@v5	2025-09-13T00:42:55.7532536Z git version 2.51.0
update-formula	Run actions/checkout@v5	2025-09-13T00:42:55.7553386Z ##[endgroup]
update-formula	Run actions/checkout@v5	2025-09-13T00:42:55.7567232Z Temporarily overriding HOME='/home/runner/work/_temp/9c23241a-df07-43d0-8869-c823918aaa3e' before making global git config changes
update-formula	Run actions/checkout@v5	2025-09-13T00:42:55.7568737Z Adding repository directory to the temporary git global config as a safe directory
update-formula	Run actions/checkout@v5	2025-09-13T00:42:55.7572581Z [command]/usr/bin/git config --global --add safe.directory /home/runner/work/homebrew-kagent/homebrew-kagent
update-formula	Run actions/checkout@v5	2025-09-13T00:42:55.7652686Z Deleting the contents of '/home/runner/work/homebrew-kagent/homebrew-kagent'
update-formula	Run actions/checkout@v5	2025-09-13T00:42:55.7656099Z ##[group]Initializing the repository
update-formula	Run actions/checkout@v5	2025-09-13T00:42:55.7660769Z [command]/usr/bin/git init /home/runner/work/homebrew-kagent/homebrew-kagent
update-formula	Run actions/checkout@v5	2025-09-13T00:42:55.8727668Z hint: Using 'master' as the name for the initial branch. This default branch name
update-formula	Run actions/checkout@v5	2025-09-13T00:42:55.8729087Z hint: is subject to change. To configure the initial branch name to use in all
update-formula	Run actions/checkout@v5	2025-09-13T00:42:55.8730150Z hint: of your new repositories, which will suppress this warning, call:
update-formula	Run actions/checkout@v5	2025-09-13T00:42:55.8731200Z hint:
update-formula	Run actions/checkout@v5	2025-09-13T00:42:55.8731748Z hint: 	git config --global init.defaultBranch <name>
update-formula	Run actions/checkout@v5	2025-09-13T00:42:55.8732388Z hint:
update-formula	Run actions/checkout@v5	2025-09-13T00:42:55.8732997Z hint: Names commonly chosen instead of 'master' are 'main', 'trunk' and
update-formula	Run actions/checkout@v5	2025-09-13T00:42:55.8734285Z hint: 'development'. The just-created branch can be renamed via this command:
update-formula	Run actions/checkout@v5	2025-09-13T00:42:55.8735063Z hint:
update-formula	Run actions/checkout@v5	2025-09-13T00:42:55.8735486Z hint: 	git branch -m <name>
update-formula	Run actions/checkout@v5	2025-09-13T00:42:55.8735973Z hint:
update-formula	Run actions/checkout@v5	2025-09-13T00:42:55.8736613Z hint: Disable this message with "git config set advice.defaultBranchName false"
update-formula	Run actions/checkout@v5	2025-09-13T00:42:55.8776522Z Initialized empty Git repository in /home/runner/work/homebrew-kagent/homebrew-kagent/.git/
update-formula	Run actions/checkout@v5	2025-09-13T00:42:55.8786001Z [command]/usr/bin/git remote add origin https://github.com/marcinkubica/homebrew-kagent
update-formula	Run actions/checkout@v5	2025-09-13T00:42:55.8922630Z ##[endgroup]
update-formula	Run actions/checkout@v5	2025-09-13T00:42:55.8927495Z ##[group]Disabling automatic garbage collection
update-formula	Run actions/checkout@v5	2025-09-13T00:42:55.8928854Z [command]/usr/bin/git config --local gc.auto 0
update-formula	Run actions/checkout@v5	2025-09-13T00:42:55.8955835Z ##[endgroup]
update-formula	Run actions/checkout@v5	2025-09-13T00:42:55.8957201Z ##[group]Setting up auth
update-formula	Run actions/checkout@v5	2025-09-13T00:42:55.8963209Z [command]/usr/bin/git config --local --name-only --get-regexp core\.sshCommand
update-formula	Run actions/checkout@v5	2025-09-13T00:42:55.8993732Z [command]/usr/bin/git submodule foreach --recursive sh -c "git config --local --name-only --get-regexp 'core\.sshCommand' && git config --local --unset-all 'core.sshCommand' || :"
update-formula	Run actions/checkout@v5	2025-09-13T00:42:56.1205780Z [command]/usr/bin/git config --local --name-only --get-regexp http\.https\:\/\/github\.com\/\.extraheader
update-formula	Run actions/checkout@v5	2025-09-13T00:42:56.1235634Z [command]/usr/bin/git submodule foreach --recursive sh -c "git config --local --name-only --get-regexp 'http\.https\:\/\/github\.com\/\.extraheader' && git config --local --unset-all 'http.https://github.com/.extraheader' || :"
update-formula	Run actions/checkout@v5	2025-09-13T00:42:56.1453041Z [command]/usr/bin/git config --local http.https://github.com/.extraheader AUTHORIZATION: basic ***
update-formula	Run actions/checkout@v5	2025-09-13T00:42:56.1486031Z ##[endgroup]
update-formula	Run actions/checkout@v5	2025-09-13T00:42:56.1487446Z ##[group]Fetching the repository
update-formula	Run actions/checkout@v5	2025-09-13T00:42:56.1495955Z [command]/usr/bin/git -c protocol.version=2 fetch --no-tags --prune --no-recurse-submodules --depth=1 origin +c070cc883155e45506a193585dd6444d97bda200:refs/remotes/origin/main
update-formula	Run actions/checkout@v5	2025-09-13T00:42:56.6769654Z From https://github.com/marcinkubica/homebrew-kagent
update-formula	Run actions/checkout@v5	2025-09-13T00:42:56.6772521Z  * [new ref]         c070cc883155e45506a193585dd6444d97bda200 -> origin/main
update-formula	Run actions/checkout@v5	2025-09-13T00:42:56.6857712Z ##[endgroup]
update-formula	Run actions/checkout@v5	2025-09-13T00:42:56.6859756Z ##[group]Determining the checkout info
update-formula	Run actions/checkout@v5	2025-09-13T00:42:56.6862337Z ##[endgroup]
update-formula	Run actions/checkout@v5	2025-09-13T00:42:56.6865704Z [command]/usr/bin/git sparse-checkout disable
update-formula	Run actions/checkout@v5	2025-09-13T00:42:56.6959862Z [command]/usr/bin/git config --local --unset-all extensions.worktreeConfig
update-formula	Run actions/checkout@v5	2025-09-13T00:42:56.6986632Z ##[group]Checking out the ref
update-formula	Run actions/checkout@v5	2025-09-13T00:42:56.6991430Z [command]/usr/bin/git checkout --progress --force -B main refs/remotes/origin/main
update-formula	Run actions/checkout@v5	2025-09-13T00:42:56.7085181Z Switched to a new branch 'main'
update-formula	Run actions/checkout@v5	2025-09-13T00:42:56.7087738Z branch 'main' set up to track 'origin/main'.
update-formula	Run actions/checkout@v5	2025-09-13T00:42:56.7095345Z ##[endgroup]
update-formula	Run actions/checkout@v5	2025-09-13T00:42:56.7128235Z [command]/usr/bin/git log -1 --format=%H
update-formula	Run actions/checkout@v5	2025-09-13T00:42:56.7150623Z c070cc883155e45506a193585dd6444d97bda200
update-formula	Get current version	ï»¿2025-09-13T00:42:56.7377291Z ##[group]Run echo "VERSION=$(curl -s "https://api.github.com/repos/kagent-dev/kagent/releases/latest" | jq -r .tag_name | sed 's/^v//')" >> $GITHUB_OUTPUT
update-formula	Get current version	2025-09-13T00:42:56.7381876Z [36;1mecho "VERSION=$(curl -s "https://api.github.com/repos/kagent-dev/kagent/releases/latest" | jq -r .tag_name | sed 's/^v//')" >> $GITHUB_OUTPUT[0m
update-formula	Get current version	2025-09-13T00:42:56.7636171Z shell: /usr/bin/bash -e {0}
update-formula	Get current version	2025-09-13T00:42:56.7637516Z ##[endgroup]
update-formula	Fetch release assets and SHAs	ï»¿2025-09-13T00:42:57.0399137Z ##[group]Run VERSION="0.6.11"
update-formula	Fetch release assets and SHAs	2025-09-13T00:42:57.0400219Z [36;1mVERSION="0.6.11"[0m
update-formula	Fetch release assets and SHAs	2025-09-13T00:42:57.0401677Z [36;1mecho ":: Fetching release information for version $VERSION"[0m
update-formula	Fetch release assets and SHAs	2025-09-13T00:42:57.0403929Z [36;1mRELEASE_INFO=$(curl -s "https://api.github.com/repos/kagent-dev/kagent/releases/tags/v${VERSION}")[0m
update-formula	Fetch release assets and SHAs	2025-09-13T00:42:57.0405858Z [36;1mecho $RELEASE_INFO[0m
update-formula	Fetch release assets and SHAs	2025-09-13T00:42:57.0406767Z [36;1m[0m
update-formula	Fetch release assets and SHAs	2025-09-13T00:42:57.0407973Z [36;1mecho ":: Extracting SHA256 values from the digest field of each asset"[0m
update-formula	Fetch release assets and SHAs	2025-09-13T00:42:57.0410902Z [36;1mDARWIN_ARM64_SHA=$(echo "$RELEASE_INFO" | jq -r '.assets[] | select(.name == "kagent-darwin-arm64") | .digest | split(":")[1]')[0m
update-formula	Fetch release assets and SHAs	2025-09-13T00:42:57.0413974Z [36;1mDARWIN_AMD64_SHA=$(echo "$RELEASE_INFO" | jq -r '.assets[] | select(.name == "kagent-darwin-amd64") | .digest | split(":")[1]')[0m
update-formula	Fetch release assets and SHAs	2025-09-13T00:42:57.0416950Z [36;1mLINUX_ARM64_SHA=$(echo "$RELEASE_INFO" | jq -r '.assets[] | select(.name == "kagent-linux-arm64") | .digest | split(":")[1]')[0m
update-formula	Fetch release assets and SHAs	2025-09-13T00:42:57.0419890Z [36;1mLINUX_AMD64_SHA=$(echo "$RELEASE_INFO" | jq -r '.assets[] | select(.name == "kagent-linux-amd64") | .digest | split(":")[1]')[0m
update-formula	Fetch release assets and SHAs	2025-09-13T00:42:57.0422041Z [36;1m[0m
update-formula	Fetch release assets and SHAs	2025-09-13T00:42:57.0422790Z [36;1mecho ":: Setting outputs"[0m
update-formula	Fetch release assets and SHAs	2025-09-13T00:42:57.0424109Z [36;1mecho "DARWIN_ARM64_SHA=$DARWIN_ARM64_SHA" >> $GITHUB_OUTPUT[0m
update-formula	Fetch release assets and SHAs	2025-09-13T00:42:57.0425795Z [36;1mecho "DARWIN_AMD64_SHA=$DARWIN_AMD64_SHA" >> $GITHUB_OUTPUT[0m
update-formula	Fetch release assets and SHAs	2025-09-13T00:42:57.0427443Z [36;1mecho "LINUX_ARM64_SHA=$LINUX_ARM64_SHA" >> $GITHUB_OUTPUT[0m
update-formula	Fetch release assets and SHAs	2025-09-13T00:42:57.0429050Z [36;1mecho "LINUX_AMD64_SHA=$LINUX_AMD64_SHA" >> $GITHUB_OUTPUT[0m
update-formula	Fetch release assets and SHAs	2025-09-13T00:42:57.0462518Z shell: /usr/bin/bash -e {0}
update-formula	Fetch release assets and SHAs	2025-09-13T00:42:57.0463428Z ##[endgroup]
update-formula	Fetch release assets and SHAs	2025-09-13T00:42:57.0523696Z :: Fetching release information for version 0.6.11
update-formula	Fetch release assets and SHAs	2025-09-13T00:42:57.2981530Z { "url": "https://api.github.com/repos/kagent-dev/kagent/releases/246209499", "assets_url": "https://api.github.com/repos/kagent-dev/kagent/releases/246209499/assets", "upload_url": "https://uploads.github.com/repos/kagent-dev/kagent/releases/246209499/assets{?name,label}", "html_url": "https://github.com/kagent-dev/kagent/releases/tag/v0.6.11", "id": 246209499, "author": { "login": "github-actions[bot]", "id": 41898282, "node_id": "MDM6Qm90NDE4OTgyODI=", "avatar_url": "https://avatars.githubusercontent.com/in/15368?v=4", "gravatar_id": "", "url": "https://api.github.com/users/github-actions%5Bbot%5D", "html_url": "https://github.com/apps/github-actions", "followers_url": "https://api.github.com/users/github-actions%5Bbot%5D/followers", "following_url": "https://api.github.com/users/github-actions%5Bbot%5D/following{/other_user}", "gists_url": "https://api.github.com/users/github-actions%5Bbot%5D/gists{/gist_id}", "starred_url": "https://api.github.com/users/github-actions%5Bbot%5D/starred{/owner}{/repo}", "subscriptions_url": "https://api.github.com/users/github-actions%5Bbot%5D/subscriptions", "organizations_url": "https://api.github.com/users/github-actions%5Bbot%5D/orgs", "repos_url": "https://api.github.com/users/github-actions%5Bbot%5D/repos", "events_url": "https://api.github.com/users/github-actions%5Bbot%5D/events{/privacy}", "received_events_url": "https://api.github.com/users/github-actions%5Bbot%5D/received_events", "type": "Bot", "user_view_type": "public", "site_admin": false }, "node_id": "RE_kwDONtiFDc4OrNvb", "tag_name": "v0.6.11", "target_commitish": "main", "name": "v0.6.11", "draft": false, "immutable": false, "prerelease": false, "created_at": "2025-09-10T14:46:36Z", "updated_at": "2025-09-10T15:01:39Z", "published_at": "2025-09-10T15:01:36Z", "assets": [ { "url": "https://api.github.com/repos/kagent-dev/kagent/releases/assets/291779036", "id": 291779036, "node_id": "RA_kwDONtiFDc4RZDHc", "name": "kagent-darwin-amd64", "label": "", "uploader": { "login": "github-actions[bot]", "id": 41898282, "node_id": "MDM6Qm90NDE4OTgyODI=", "avatar_url": "https://avatars.githubusercontent.com/in/15368?v=4", "gravatar_id": "", "url": "https://api.github.com/users/github-actions%5Bbot%5D", "html_url": "https://github.com/apps/github-actions", "followers_url": "https://api.github.com/users/github-actions%5Bbot%5D/followers", "following_url": "https://api.github.com/users/github-actions%5Bbot%5D/following{/other_user}", "gists_url": "https://api.github.com/users/github-actions%5Bbot%5D/gists{/gist_id}", "starred_url": "https://api.github.com/users/github-actions%5Bbot%5D/starred{/owner}{/repo}", "subscriptions_url": "https://api.github.com/users/github-actions%5Bbot%5D/subscriptions", "organizations_url": "https://api.github.com/users/github-actions%5Bbot%5D/orgs", "repos_url": "https://api.github.com/users/github-actions%5Bbot%5D/repos", "events_url": "https://api.github.com/users/github-actions%5Bbot%5D/events{/privacy}", "received_events_url": "https://api.github.com/users/github-actions%5Bbot%5D/received_events", "type": "Bot", "user_view_type": "public", "site_admin": false }, "content_type": "application/octet-stream", "state": "uploaded", "size": 44383872, "digest": "sha256:d522d2d98969d79935ca45873c55072fd702fcdd1c7fa9249debeae07ca0f25f", "download_count": 0, "created_at": "2025-09-10T15:01:36Z", "updated_at": "2025-09-10T15:01:39Z", "browser_download_url": "https://github.com/kagent-dev/kagent/releases/download/v0.6.11/kagent-darwin-amd64" }, { "url": "https://api.github.com/repos/kagent-dev/kagent/releases/assets/291779031", "id": 291779031, "node_id": "RA_kwDONtiFDc4RZDHX", "name": "kagent-darwin-amd64.sha256", "label": "", "uploader": { "login": "github-actions[bot]", "id": 41898282, "node_id": "MDM6Qm90NDE4OTgyODI=", "avatar_url": "https://avatars.githubusercontent.com/in/15368?v=4", "gravatar_id": "", "url": "https://api.github.com/users/github-actions%5Bbot%5D", "html_url": "https://github.com/apps/github-actions", "followers_url": "https://api.github.com/users/github-actions%5Bbot%5D/followers", "following_url": "https://api.github.com/users/github-actions%5Bbot%5D/following{/other_user}", "gists_url": "https://api.github.com/users/github-actions%5Bbot%5D/gists{/gist_id}", "starred_url": "https://api.github.com/users/github-actions%5Bbot%5D/starred{/owner}{/repo}", "subscriptions_url": "https://api.github.com/users/github-actions%5Bbot%5D/subscriptions", "organizations_url": "https://api.github.com/users/github-actions%5Bbot%5D/orgs", "repos_url": "https://api.github.com/users/github-actions%5Bbot%5D/repos", "events_url": "https://api.github.com/users/github-actions%5Bbot%5D/events{/privacy}", "received_events_url": "https://api.github.com/users/github-actions%5Bbot%5D/received_events", "type": "Bot", "user_view_type": "public", "site_admin": false }, "content_type": "application/octet-stream", "state": "uploaded", "size": 90, "digest": "sha256:d6e9f7d1a80e4e49c2b097f57cfa14287b0958705914f13fd71855c08037dace", "download_count": 1, "created_at": "2025-09-10T15:01:36Z", "updated_at": "2025-09-10T15:01:37Z", "browser_download_url": "https://github.com/kagent-dev/kagent/releases/download/v0.6.11/kagent-darwin-amd64.sha256" }, { "url": "https://api.github.com/repos/kagent-dev/kagent/releases/assets/291779037", "id": 291779037, "node_id": "RA_kwDONtiFDc4RZDHd", "name": "kagent-darwin-arm64", "label": "", "uploader": { "login": "github-actions[bot]", "id": 41898282, "node_id": "MDM6Qm90NDE4OTgyODI=", "avatar_url": "https://avatars.githubusercontent.com/in/15368?v=4", "gravatar_id": "", "url": "https://api.github.com/users/github-actions%5Bbot%5D", "html_url": "https://github.com/apps/github-actions", "followers_url": "https://api.github.com/users/github-actions%5Bbot%5D/followers", "following_url": "https://api.github.com/users/github-actions%5Bbot%5D/following{/other_user}", "gists_url": "https://api.github.com/users/github-actions%5Bbot%5D/gists{/gist_id}", "starred_url": "https://api.github.com/users/github-actions%5Bbot%5D/starred{/owner}{/repo}", "subscriptions_url": "https://api.github.com/users/github-actions%5Bbot%5D/subscriptions", "organizations_url": "https://api.github.com/users/github-actions%5Bbot%5D/orgs", "repos_url": "https://api.github.com/users/github-actions%5Bbot%5D/repos", "events_url": "https://api.github.com/users/github-actions%5Bbot%5D/events{/privacy}", "received_events_url": "https://api.github.com/users/github-actions%5Bbot%5D/received_events", "type": "Bot", "user_view_type": "public", "site_admin": false }, "content_type": "application/octet-stream", "state": "uploaded", "size": 42798226, "digest": "sha256:fd70e8ac424166b200cc4d4abe38c120991c4706b63225fc939096e11dd00d77", "download_count": 43, "created_at": "2025-09-10T15:01:36Z", "updated_at": "2025-09-10T15:01:39Z", "browser_download_url": "https://github.com/kagent-dev/kagent/releases/download/v0.6.11/kagent-darwin-arm64" }, { "url": "https://api.github.com/repos/kagent-dev/kagent/releases/assets/291779032", "id": 291779032, "node_id": "RA_kwDONtiFDc4RZDHY", "name": "kagent-darwin-arm64.sha256", "label": "", "uploader": { "login": "github-actions[bot]", "id": 41898282, "node_id": "MDM6Qm90NDE4OTgyODI=", "avatar_url": "https://avatars.githubusercontent.com/in/15368?v=4", "gravatar_id": "", "url": "https://api.github.com/users/github-actions%5Bbot%5D", "html_url": "https://github.com/apps/github-actions", "followers_url": "https://api.github.com/users/github-actions%5Bbot%5D/followers", "following_url": "https://api.github.com/users/github-actions%5Bbot%5D/following{/other_user}", "gists_url": "https://api.github.com/users/github-actions%5Bbot%5D/gists{/gist_id}", "starred_url": "https://api.github.com/users/github-actions%5Bbot%5D/starred{/owner}{/repo}", "subscriptions_url": "https://api.github.com/users/github-actions%5Bbot%5D/subscriptions", "organizations_url": "https://api.github.com/users/github-actions%5Bbot%5D/orgs", "repos_url": "https://api.github.com/users/github-actions%5Bbot%5D/repos", "events_url": "https://api.github.com/users/github-actions%5Bbot%5D/events{/privacy}", "received_events_url": "https://api.github.com/users/github-actions%5Bbot%5D/received_events", "type": "Bot", "user_view_type": "public", "site_admin": false }, "content_type": "application/octet-stream", "state": "uploaded", "size": 90, "digest": "sha256:f3d1ecc0e86fae3f8b37c6dc3ad471759a8060a4665264fc9a8e26f6c863911d", "download_count": 40, "created_at": "2025-09-10T15:01:36Z", "updated_at": "2025-09-10T15:01:37Z", "browser_download_url": "https://github.com/kagent-dev/kagent/releases/download/v0.6.11/kagent-darwin-arm64.sha256" }, { "url": "https://api.github.com/repos/kagent-dev/kagent/releases/assets/291779035", "id": 291779035, "node_id": "RA_kwDONtiFDc4RZDHb", "name": "kagent-linux-amd64", "label": "", "uploader": { "login": "github-actions[bot]", "id": 41898282, "node_id": "MDM6Qm90NDE4OTgyODI=", "avatar_url": "https://avatars.githubusercontent.com/in/15368?v=4", "gravatar_id": "", "url": "https://api.github.com/users/github-actions%5Bbot%5D", "html_url": "https://github.com/apps/github-actions", "followers_url": "https://api.github.com/users/github-actions%5Bbot%5D/followers", "following_url": "https://api.github.com/users/github-actions%5Bbot%5D/following{/other_user}", "gists_url": "https://api.github.com/users/github-actions%5Bbot%5D/gists{/gist_id}", "starred_url": "https://api.github.com/users/github-actions%5Bbot%5D/starred{/owner}{/repo}", "subscriptions_url": "https://api.github.com/users/github-actions%5Bbot%5D/subscriptions", "organizations_url": "https://api.github.com/users/github-actions%5Bbot%5D/orgs", "repos_url": "https://api.github.com/users/github-actions%5Bbot%5D/repos", "events_url": "https://api.github.com/users/github-actions%5Bbot%5D/events{/privacy}", "received_events_url": "https://api.github.com/users/github-actions%5Bbot%5D/received_events", "type": "Bot", "user_view_type": "public", "site_admin": false }, "content_type": "application/octet-stream", "state": "uploaded", "size": 44087168, "digest": "sha256:3526ec461a412084c0a9762fca74ef8e89158ccd13463a5bd480c0409d7edced", "download_count": 22, "created_at": "2025-09-10T15:01:36Z", "updated_at": "2025-09-10T15:01:39Z", "browser_download_url": "https://github.com/kagent-dev/kagent/releases/download/v0.6.11/kagent-linux-amd64" }, { "url": "https://api.github.com/repos/kagent-dev/kagent/releases/assets/291779030", "id": 291779030, "node_id": "RA_kwDONtiFDc4RZDHW", "name": "kagent-linux-amd64.sha256", "label": "", "uploader": { "login": "github-actions[bot]", "id": 41898282, "node_id": "MDM6Qm90NDE4OTgyODI=", "avatar_url": "https://avatars.githubusercontent.com/in/15368?v=4", "gravatar_id": "", "url": "https://api.github.com/users/github-actions%5Bbot%5D", "html_url": "https://github.com/apps/github-actions", "followers_url": "https://api.github.com/users/github-actions%5Bbot%5D/followers", "following_url": "https://api.github.com/users/github-actions%5Bbot%5D/following{/other_user}", "gists_url": "https://api.github.com/users/github-actions%5Bbot%5D/gists{/gist_id}", "starred_url": "https://api.github.com/users/github-actions%5Bbot%5D/starred{/owner}{/repo}", "subscriptions_url": "https://api.github.com/users/github-actions%5Bbot%5D/subscriptions", "organizations_url": "https://api.github.com/users/github-actions%5Bbot%5D/orgs", "repos_url": "https://api.github.com/users/github-actions%5Bbot%5D/repos", "events_url": "https://api.github.com/users/github-actions%5Bbot%5D/events{/privacy}", "received_events_url": "https://api.github.com/users/github-actions%5Bbot%5D/received_events", "type": "Bot", "user_view_type": "public", "site_admin": false }, "content_type": "application/octet-stream", "state": "uploaded", "size": 89, "digest": "sha256:04cb0412d4d8427e022f871ac008646b8e3096197dbc65262dad5408798b2cf7", "download_count": 22, "created_at": "2025-09-10T15:01:36Z", "updated_at": "2025-09-10T15:01:37Z", "browser_download_url": "https://github.com/kagent-dev/kagent/releases/download/v0.6.11/kagent-linux-amd64.sha256" }, { "url": "https://api.github.com/repos/kagent-dev/kagent/releases/assets/291779034", "id": 291779034, "node_id": "RA_kwDONtiFDc4RZDHa", "name": "kagent-linux-arm64", "label": "", "uploader": { "login": "github-actions[bot]", "id": 41898282, "node_id": "MDM6Qm90NDE4OTgyODI=", "avatar_url": "https://avatars.githubusercontent.com/in/15368?v=4", "gravatar_id": "", "url": "https://api.github.com/users/github-actions%5Bbot%5D", "html_url": "https://github.com/apps/github-actions", "followers_url": "https://api.github.com/users/github-actions%5Bbot%5D/followers", "following_url": "https://api.github.com/users/github-actions%5Bbot%5D/following{/other_user}", "gists_url": "https://api.github.com/users/github-actions%5Bbot%5D/gists{/gist_id}", "starred_url": "https://api.github.com/users/github-actions%5Bbot%5D/starred{/owner}{/repo}", "subscriptions_url": "https://api.github.com/users/github-actions%5Bbot%5D/subscriptions", "organizations_url": "https://api.github.com/users/github-actions%5Bbot%5D/orgs", "repos_url": "https://api.github.com/users/github-actions%5Bbot%5D/repos", "events_url": "https://api.github.com/users/github-actions%5Bbot%5D/events{/privacy}", "received_events_url": "https://api.github.com/users/github-actions%5Bbot%5D/received_events", "type": "Bot", "user_view_type": "public", "site_admin": false }, "content_type": "application/octet-stream", "state": "uploaded", "size": 42233078, "digest": "sha256:f69b7a408ec793384514254e6dd425465b85e54d32bdae83716557ce14164581", "download_count": 0, "created_at": "2025-09-10T15:01:36Z", "updated_at": "2025-09-10T15:01:39Z", "browser_download_url": "https://github.com/kagent-dev/kagent/releases/download/v0.6.11/kagent-linux-arm64" }, { "url": "https://api.github.com/repos/kagent-dev/kagent/releases/assets/291779038", "id": 291779038, "node_id": "RA_kwDONtiFDc4RZDHe", "name": "kagent-linux-arm64.sha256", "label": "", "uploader": { "login": "github-actions[bot]", "id": 41898282, "node_id": "MDM6Qm90NDE4OTgyODI=", "avatar_url": "https://avatars.githubusercontent.com/in/15368?v=4", "gravatar_id": "", "url": "https://api.github.com/users/github-actions%5Bbot%5D", "html_url": "https://github.com/apps/github-actions", "followers_url": "https://api.github.com/users/github-actions%5Bbot%5D/followers", "following_url": "https://api.github.com/users/github-actions%5Bbot%5D/following{/other_user}", "gists_url": "https://api.github.com/users/github-actions%5Bbot%5D/gists{/gist_id}", "starred_url": "https://api.github.com/users/github-actions%5Bbot%5D/starred{/owner}{/repo}", "subscriptions_url": "https://api.github.com/users/github-actions%5Bbot%5D/subscriptions", "organizations_url": "https://api.github.com/users/github-actions%5Bbot%5D/orgs", "repos_url": "https://api.github.com/users/github-actions%5Bbot%5D/repos", "events_url": "https://api.github.com/users/github-actions%5Bbot%5D/events{/privacy}", "received_events_url": "https://api.github.com/users/github-actions%5Bbot%5D/received_events", "type": "Bot", "user_view_type": "public", "site_admin": false }, "content_type": "application/octet-stream", "state": "uploaded", "size": 89, "digest": "sha256:765edc7f8aad6b45ecb97c0e5c53b7cbd7842b23356d4f27880e82420e4cc151", "download_count": 1, "created_at": "2025-09-10T15:01:36Z", "updated_at": "2025-09-10T15:01:37Z", "browser_download_url": "https://github.com/kagent-dev/kagent/releases/download/v0.6.11/kagent-linux-arm64.sha256" }, { "url": "https://api.github.com/repos/kagent-dev/kagent/releases/assets/291779033", "id": 291779033, "node_id": "RA_kwDONtiFDc4RZDHZ", "name": "kagent-windows-amd64.exe", "label": "", "uploader": { "login": "github-actions[bot]", "id": 41898282, "node_id": "MDM6Qm90NDE4OTgyODI=", "avatar_url": "https://avatars.githubusercontent.com/in/15368?v=4", "gravatar_id": "", "url": "https://api.github.com/users/github-actions%5Bbot%5D", "html_url": "https://github.com/apps/github-actions", "followers_url": "https://api.github.com/users/github-actions%5Bbot%5D/followers", "following_url": "https://api.github.com/users/github-actions%5Bbot%5D/following{/other_user}", "gists_url": "https://api.github.com/users/github-actions%5Bbot%5D/gists{/gist_id}", "starred_url": "https://api.github.com/users/github-actions%5Bbot%5D/starred{/owner}{/repo}", "subscriptions_url": "https://api.github.com/users/github-actions%5Bbot%5D/subscriptions", "organizations_url": "https://api.github.com/users/github-actions%5Bbot%5D/orgs", "repos_url": "https://api.github.com/users/github-actions%5Bbot%5D/repos", "events_url": "https://api.github.com/users/github-actions%5Bbot%5D/events{/privacy}", "received_events_url": "https://api.github.com/users/github-actions%5Bbot%5D/received_events", "type": "Bot", "user_view_type": "public", "site_admin": false }, "content_type": "application/x-msdos-program", "state": "uploaded", "size": 44946432, "digest": "sha256:3c33191537206f9f0a1d88b6a9c1e938198a8fe37bc010b9c5cf233f17cd1349", "download_count": 0, "created_at": "2025-09-10T15:01:36Z", "updated_at": "2025-09-10T15:01:39Z", "browser_download_url": "https://github.com/kagent-dev/kagent/releases/download/v0.6.11/kagent-windows-amd64.exe" }, { "url": "https://api.github.com/repos/kagent-dev/kagent/releases/assets/291779029", "id": 291779029, "node_id": "RA_kwDONtiFDc4RZDHV", "name": "kagent-windows-amd64.exe.sha256", "label": "", "uploader": { "login": "github-actions[bot]", "id": 41898282, "node_id": "MDM6Qm90NDE4OTgyODI=", "avatar_url": "https://avatars.githubusercontent.com/in/15368?v=4", "gravatar_id": "", "url": "https://api.github.com/users/github-actions%5Bbot%5D", "html_url": "https://github.com/apps/github-actions", "followers_url": "https://api.github.com/users/github-actions%5Bbot%5D/followers", "following_url": "https://api.github.com/users/github-actions%5Bbot%5D/following{/other_user}", "gists_url": "https://api.github.com/users/github-actions%5Bbot%5D/gists{/gist_id}", "starred_url": "https://api.github.com/users/github-actions%5Bbot%5D/starred{/owner}{/repo}", "subscriptions_url": "https://api.github.com/users/github-actions%5Bbot%5D/subscriptions", "organizations_url": "https://api.github.com/users/github-actions%5Bbot%5D/orgs", "repos_url": "https://api.github.com/users/github-actions%5Bbot%5D/repos", "events_url": "https://api.github.com/users/github-actions%5Bbot%5D/events{/privacy}", "received_events_url": "https://api.github.com/users/github-actions%5Bbot%5D/received_events", "type": "Bot", "user_view_type": "public", "site_admin": false }, "content_type": "application/octet-stream", "state": "uploaded", "size": 95, "digest": "sha256:00a6d56c91a92335de0ab85460910a86c3fc375f17fe16c664d1f82f37cb30a8", "download_count": 1, "created_at": "2025-09-10T15:01:36Z", "updated_at": "2025-09-10T15:01:37Z", "browser_download_url": "https://github.com/kagent-dev/kagent/releases/download/v0.6.11/kagent-windows-amd64.exe.sha256" } ], "tarball_url": "https://api.github.com/repos/kagent-dev/kagent/tarball/v0.6.11", "zipball_url": "https://api.github.com/repos/kagent-dev/kagent/zipball/v0.6.11", "body": "## What's Changed\n* fix: update azure endpoint env var by @EItanya in https://github.com/kagent-dev/kagent/pull/874\n* fix: valid STOP completion results in an error being returned by @jmhbh in https://github.com/kagent-dev/kagent/pull/875\n* fix(ui): implement dynamic MCP server type resolution for agent creation by @xrwang8 in https://github.com/kagent-dev/kagent/pull/858\n* fix(helm): regenerate CRDs by @onematchfox in https://github.com/kagent-dev/kagent/pull/878\n* check helm is available before install by @stevenctl in https://github.com/kagent-dev/kagent/pull/882\n\n## New Contributors\n* @xrwang8 made their first contribution in https://github.com/kagent-dev/kagent/pull/858\n* @stevenctl made their first contribution in https://github.com/kagent-dev/kagent/pull/882\n\n**Full Changelog**: https://github.com/kagent-dev/kagent/compare/v0.6.10...v0.6.11", "mentions_count": 5 }
update-formula	Fetch release assets and SHAs	2025-09-13T00:42:57.3193857Z :: Extracting SHA256 values from the digest field of each asset
update-formula	Fetch release assets and SHAs	2025-09-13T00:42:57.3195153Z :: Setting outputs
update-formula	Update formula	ï»¿2025-09-13T00:42:57.3251271Z ##[group]Run VERSION=0.6.11
update-formula	Update formula	2025-09-13T00:42:57.3252211Z [36;1mVERSION=0.6.11[0m
update-formula	Update formula	2025-09-13T00:42:57.3253586Z [36;1mDARWIN_ARM64_SHA=fd70e8ac424166b200cc4d4abe38c120991c4706b63225fc939096e11dd00d77[0m
update-formula	Update formula	2025-09-13T00:42:57.3255677Z [36;1mDARWIN_AMD64_SHA=d522d2d98969d79935ca45873c55072fd702fcdd1c7fa9249debeae07ca0f25f[0m
update-formula	Update formula	2025-09-13T00:42:57.3257718Z [36;1mLINUX_ARM64_SHA=f69b7a408ec793384514254e6dd425465b85e54d32bdae83716557ce14164581[0m
update-formula	Update formula	2025-09-13T00:42:57.3259728Z [36;1mLINUX_AMD64_SHA=3526ec461a412084c0a9762fca74ef8e89158ccd13463a5bd480c0409d7edced[0m
update-formula	Update formula	2025-09-13T00:42:57.3261332Z [36;1m[0m
update-formula	Update formula	2025-09-13T00:42:57.3262037Z [36;1mecho "VERSION=0.6.11"[0m
update-formula	Update formula	2025-09-13T00:42:57.3263529Z [36;1mecho "DARWIN_ARM64_SHA=fd70e8ac424166b200cc4d4abe38c120991c4706b63225fc939096e11dd00d77"[0m
update-formula	Update formula	2025-09-13T00:42:57.3265742Z [36;1mecho "DARWIN_AMD64_SHA=d522d2d98969d79935ca45873c55072fd702fcdd1c7fa9249debeae07ca0f25f"[0m
update-formula	Update formula	2025-09-13T00:42:57.3267904Z [36;1mecho "LINUX_ARM64_SHA=f69b7a408ec793384514254e6dd425465b85e54d32bdae83716557ce14164581"[0m
update-formula	Update formula	2025-09-13T00:42:57.3270103Z [36;1mecho "LINUX_AMD64_SHA=3526ec461a412084c0a9762fca74ef8e89158ccd13463a5bd480c0409d7edced"[0m
update-formula	Update formula	2025-09-13T00:42:57.3271821Z [36;1m[0m
update-formula	Update formula	2025-09-13T00:42:57.3272583Z [36;1mecho ":: Updating the formula file"[0m
update-formula	Update formula	2025-09-13T00:42:57.3273892Z [36;1msed -i "s/version \".*\"/version \"$VERSION\"/" Formula/kagent.rb[0m
update-formula	Update formula	2025-09-13T00:42:57.3275465Z [36;1msed -i '11s/sha256 ".*"/sha256 "'$DARWIN_ARM64_SHA'"/' Formula/kagent.rb[0m
update-formula	Update formula	2025-09-13T00:42:57.3277061Z [36;1msed -i '16s/sha256 ".*"/sha256 "'$DARWIN_AMD64_SHA'"/' Formula/kagent.rb[0m
update-formula	Update formula	2025-09-13T00:42:57.3278661Z [36;1msed -i '21s/sha256 ".*"/sha256 "'$LINUX_ARM64_SHA'"/' Formula/kagent.rb[0m
update-formula	Update formula	2025-09-13T00:42:57.3280240Z [36;1msed -i '26s/sha256 ".*"/sha256 "'$LINUX_AMD64_SHA'"/' Formula/kagent.rb[0m
update-formula	Update formula	2025-09-13T00:42:57.3281583Z [36;1m[0m
update-formula	Update formula	2025-09-13T00:42:57.3282305Z [36;1mecho ":: Updating README"[0m
update-formula	Update formula	2025-09-13T00:42:57.3283359Z [36;1msed -i "s/\*\*v\.\*.\*\*/**v$VERSION**/" README.md[0m
update-formula	Update formula	2025-09-13T00:42:57.3315366Z shell: /usr/bin/bash -e {0}
update-formula	Update formula	2025-09-13T00:42:57.3316216Z ##[endgroup]
update-formula	Update formula	2025-09-13T00:42:57.3370940Z VERSION=0.6.11
update-formula	Update formula	2025-09-13T00:42:57.3372219Z DARWIN_ARM64_SHA=fd70e8ac424166b200cc4d4abe38c120991c4706b63225fc939096e11dd00d77
update-formula	Update formula	2025-09-13T00:42:57.3374110Z DARWIN_AMD64_SHA=d522d2d98969d79935ca45873c55072fd702fcdd1c7fa9249debeae07ca0f25f
update-formula	Update formula	2025-09-13T00:42:57.3375971Z LINUX_ARM64_SHA=f69b7a408ec793384514254e6dd425465b85e54d32bdae83716557ce14164581
update-formula	Update formula	2025-09-13T00:42:57.3377790Z LINUX_AMD64_SHA=3526ec461a412084c0a9762fca74ef8e89158ccd13463a5bd480c0409d7edced
update-formula	Update formula	2025-09-13T00:42:57.3379223Z :: Updating the formula file
update-formula	Update formula	2025-09-13T00:42:57.3443562Z :: Updating README
update-formula	Commit changes directly to main	ï»¿2025-09-13T00:42:57.3519578Z ##[group]Run git config user.email "github-actions[bot]@users.noreply.github.com"
update-formula	Commit changes directly to main	2025-09-13T00:42:57.3521693Z [36;1mgit config user.email "github-actions[bot]@users.noreply.github.com"[0m
update-formula	Commit changes directly to main	2025-09-13T00:42:57.3523372Z [36;1mgit config user.name "github-actions[bot]"[0m
update-formula	Commit changes directly to main	2025-09-13T00:42:57.3524453Z [36;1m#git pull --rebase[0m
update-formula	Commit changes directly to main	2025-09-13T00:42:57.3525386Z [36;1mgit add Formula/kagent.rb README.md[0m
update-formula	Commit changes directly to main	2025-09-13T00:42:57.3526371Z [36;1mgit status[0m
update-formula	Commit changes directly to main	2025-09-13T00:42:57.3527144Z [36;1mgit diff --staged[0m
update-formula	Commit changes directly to main	2025-09-13T00:42:57.3528075Z [36;1m#git commit -m "Update kagent to 0.6.11"[0m
update-formula	Commit changes directly to main	2025-09-13T00:42:57.3529085Z [36;1m#git push[0m
update-formula	Commit changes directly to main	2025-09-13T00:42:57.3558707Z shell: /usr/bin/bash -e {0}
update-formula	Commit changes directly to main	2025-09-13T00:42:57.3559548Z env:
update-formula	Commit changes directly to main	2025-09-13T00:42:57.3560188Z   PAGER: cat
update-formula	Commit changes directly to main	2025-09-13T00:42:57.3561113Z ##[endgroup]
update-formula	Commit changes directly to main	2025-09-13T00:42:57.3689495Z On branch main
update-formula	Commit changes directly to main	2025-09-13T00:42:57.3690856Z Your branch is up to date with 'origin/main'.
update-formula	Commit changes directly to main	2025-09-13T00:42:57.3692067Z 
update-formula	Commit changes directly to main	2025-09-13T00:42:57.3692640Z Changes to be committed:
update-formula	Commit changes directly to main	2025-09-13T00:42:57.3693798Z   (use "git restore --staged <file>..." to unstage)
update-formula	Commit changes directly to main	2025-09-13T00:42:57.3694917Z 	modified:   Formula/kagent.rb
update-formula	Commit changes directly to main	2025-09-13T00:42:57.3695475Z 
update-formula	Commit changes directly to main	2025-09-13T00:42:57.3708737Z diff --git a/Formula/kagent.rb b/Formula/kagent.rb
update-formula	Commit changes directly to main	2025-09-13T00:42:57.3710158Z index c1dd8f7..97557f1 100644
update-formula	Commit changes directly to main	2025-09-13T00:42:57.3711763Z --- a/Formula/kagent.rb
update-formula	Commit changes directly to main	2025-09-13T00:42:57.3713386Z +++ b/Formula/kagent.rb
update-formula	Commit changes directly to main	2025-09-13T00:42:57.3714783Z @@ -8,22 +8,22 @@ class Kagent < Formula
update-formula	Commit changes directly to main	2025-09-13T00:42:57.3715727Z    if OS.mac?
update-formula	Commit changes directly to main	2025-09-13T00:42:57.3716435Z      on_arm do
update-formula	Commit changes directly to main	2025-09-13T00:42:57.3717816Z        url "https://github.com/kagent-dev/kagent/releases/download/v#{version}/kagent-darwin-arm64"
update-formula	Commit changes directly to main	2025-09-13T00:42:57.3719824Z -      sha256 "17374d2048927155bd6a400ac2531c7bd38f0afee4151dc49704c2ce4f4ee9c8"
update-formula	Commit changes directly to main	2025-09-13T00:42:57.3721832Z +      sha256 "fd70e8ac424166b200cc4d4abe38c120991c4706b63225fc939096e11dd00d77"
update-formula	Commit changes directly to main	2025-09-13T00:42:57.3723161Z      end
update-formula	Commit changes directly to main	2025-09-13T00:42:57.3723824Z  
update-formula	Commit changes directly to main	2025-09-13T00:42:57.3724464Z      on_intel do
update-formula	Commit changes directly to main	2025-09-13T00:42:57.3725864Z        url "https://github.com/kagent-dev/kagent/releases/download/v#{version}/kagent-darwin-amd64"
update-formula	Commit changes directly to main	2025-09-13T00:42:57.3727880Z -      sha256 "60d1ec3d8068e94b3d4d9add4ab88d9983b4df4e4beecd3b10f71b62e11c48c0"
update-formula	Commit changes directly to main	2025-09-13T00:42:57.3729699Z +      sha256 "d522d2d98969d79935ca45873c55072fd702fcdd1c7fa9249debeae07ca0f25f"
update-formula	Commit changes directly to main	2025-09-13T00:42:57.3731239Z      end
update-formula	Commit changes directly to main	2025-09-13T00:42:57.3731930Z    elsif OS.linux?
update-formula	Commit changes directly to main	2025-09-13T00:42:57.3732661Z      on_arm do
update-formula	Commit changes directly to main	2025-09-13T00:42:57.3734004Z        url "https://github.com/kagent-dev/kagent/releases/download/v#{version}/kagent-linux-arm64"
update-formula	Commit changes directly to main	2025-09-13T00:42:57.3736004Z -      sha256 "6d0abc40977f481e50e31ba6dce6f31ec99a340d0936e9af45bbeba0785d821e"
update-formula	Commit changes directly to main	2025-09-13T00:42:57.3737783Z +      sha256 "f69b7a408ec793384514254e6dd425465b85e54d32bdae83716557ce14164581"
update-formula	Commit changes directly to main	2025-09-13T00:42:57.3739103Z      end
update-formula	Commit changes directly to main	2025-09-13T00:42:57.3739757Z  
update-formula	Commit changes directly to main	2025-09-13T00:42:57.3740597Z      on_intel do
update-formula	Commit changes directly to main	2025-09-13T00:42:57.3741972Z        url "https://github.com/kagent-dev/kagent/releases/download/v#{version}/kagent-linux-amd64"
update-formula	Commit changes directly to main	2025-09-13T00:42:57.3743979Z -      sha256 "88a9ddba97eb4814b0f80a339cd28d0f0f12717b18c6e09ef26ce2702c54bf24"
update-formula	Commit changes directly to main	2025-09-13T00:42:57.3745768Z +      sha256 "3526ec461a412084c0a9762fca74ef8e89158ccd13463a5bd480c0409d7edced"
update-formula	Commit changes directly to main	2025-09-13T00:42:57.3747100Z      end
update-formula	Commit changes directly to main	2025-09-13T00:42:57.3747768Z    end
update-formula	Commit changes directly to main	2025-09-13T00:42:57.3748410Z  
update-formula	Post Run actions/checkout@v5	ï»¿2025-09-13T00:42:57.3889505Z Post job cleanup.
update-formula	Post Run actions/checkout@v5	2025-09-13T00:42:57.4682080Z [command]/usr/bin/git version
update-formula	Post Run actions/checkout@v5	2025-09-13T00:42:57.4717060Z git version 2.51.0
update-formula	Post Run actions/checkout@v5	2025-09-13T00:42:57.4757097Z Temporarily overriding HOME='/home/runner/work/_temp/692a7570-54ae-44ba-bc64-0722e8a3fcec' before making global git config changes
update-formula	Post Run actions/checkout@v5	2025-09-13T00:42:57.4761908Z Adding repository directory to the temporary git global config as a safe directory
update-formula	Post Run actions/checkout@v5	2025-09-13T00:42:57.4766053Z [command]/usr/bin/git config --global --add safe.directory /home/runner/work/homebrew-kagent/homebrew-kagent
update-formula	Post Run actions/checkout@v5	2025-09-13T00:42:57.4801969Z [command]/usr/bin/git config --local --name-only --get-regexp core\.sshCommand
update-formula	Post Run actions/checkout@v5	2025-09-13T00:42:57.4836032Z [command]/usr/bin/git submodule foreach --recursive sh -c "git config --local --name-only --get-regexp 'core\.sshCommand' && git config --local --unset-all 'core.sshCommand' || :"
update-formula	Post Run actions/checkout@v5	2025-09-13T00:42:57.5100230Z [command]/usr/bin/git config --local --name-only --get-regexp http\.https\:\/\/github\.com\/\.extraheader
update-formula	Post Run actions/checkout@v5	2025-09-13T00:42:57.5120660Z http.https://github.com/.extraheader
update-formula	Post Run actions/checkout@v5	2025-09-13T00:42:57.5131646Z [command]/usr/bin/git config --local --unset-all http.https://github.com/.extraheader
update-formula	Post Run actions/checkout@v5	2025-09-13T00:42:57.5164255Z [command]/usr/bin/git submodule foreach --recursive sh -c "git config --local --name-only --get-regexp 'http\.https\:\/\/github\.com\/\.extraheader' && git config --local --unset-all 'http.https://github.com/.extraheader' || :"
update-formula	Complete job	ï»¿2025-09-13T00:42:57.5508798Z Cleaning up orphan processes
